
┌───────────────────────────────┐
│ OpenNext — Cloudflare preview │
└───────────────────────────────┘

Monorepo detected at /Users/twaldin/dev/studyspot-ui
Incremental cache does not need populating
Tag cache does not need populating

 ⛅️ wrangler 4.27.0
───────────────────
Using vars defined in .dev.vars
Your Worker has access to the following bindings:
Binding                                                                                   Resource                  Mode
env.ASSETS                                                                                Assets                    local
env.ENVIRONMENT ("development")                                                           Environment Variable      local
env.openNextDebug ("true")                                                                Environment Variable      local
env.NEXT_PUBLIC_ASSISTANT_API_URL ("http://localhost:3001")                               Environment Variable      local
env.NEXT_PUBLIC_SUPABASE_URL ("https://knyfipffiiocgvpzmfgb.supabase...")                 Environment Variable      local
env.NEXT_PUBLIC_SUPABASE_ANON_KEY ("eyJhbGciOiJIUzI1NiIsInR5cCI6IkpXVCJ9....")            Environment Variable      local
env.SUPABASE_URL ("https://knyfipffiiocgvpzmfgb.supabase...")                             Environment Variable      local
env.SUPABASE_ANON_KEY ("eyJhbGciOiJIUzI1NiIsInR5cCI6IkpXVCJ9....")                        Environment Variable      local
env.NEXT_PUBLIC_CLERK_PUBLISHABLE_KEY ("pk_test_bmF0aW9uYWwtbW9sbHVzay0yNy5jb...")        Environment Variable      local
env.NEXT_PUBLIC_CLERK_SIGN_IN_URL ("/sign-in")                                            Environment Variable      local
env.NEXT_PUBLIC_CLERK_SIGN_UP_URL ("/sign-up")                                            Environment Variable      local
env.NEXT_PUBLIC_CLERK_AFTER_SIGN_IN_URL ("/app")                                          Environment Variable      local
env.NEXT_PUBLIC_CLERK_AFTER_SIGN_UP_URL ("/app")                                          Environment Variable      local
env.BREVO_LIST_ID ("2")                                                                   Environment Variable      local
env.NODE_ENV ("production")                                                               Environment Variable      local
env.CLERK_SECRET_KEY ("sk_test_hG2t13D9q7K6w2sLdCCMSlTZxptbs...")                         Environment Variable      local
env.NEXTJS_ENV ("(hidden)")                                                               Environment Variable      local

[33m▲ [43;33m[[43;30mWARNING[43;33m][0m [1mComparison with -0 using the "===" operator will also match 0[0m [equals-negative-zero]

    .open-next/server-functions/default/apps/web/handler.mjs:4039:29149:
[37m      4039 │ ...gned){if(r<0)r+=t;else if(r===[32m-0[37m)return 0}return r}}e.exports...
           ╵                                  [32m~~[0m

  Floating-point equality is defined such that 0 and -0 are equal, so "x === -0" returns true for both 0 and -0. You need to use "Object.is(x, -0)" instead to test for -0.


⎔ Starting local server...
[wrangler:info] ✨ Parsed 3 valid redirect rules.
[wrangler:info] Ready on http://localhost:8787
[wrangler:info] GET / 404 Not Found (8ms)
[wrangler:info] GET / 404 Not Found (3ms)
[wrangler:info] GET / 404 Not Found (6ms)
[wrangler:info] GET / 404 Not Found (6ms)
[wrangler:info] GET / 404 Not Found (3ms)
ERROR Wrangler command failed
